MPLINK 4.49, Linker
Linker Map File - Created Sun Apr 25 18:27:09 2021

                                 Section Info
                  Section       Type    Address   Location Size(Bytes)
                ---------  ---------  ---------  ---------  ---------
                   .org_0       code   0x000000    program   0x000004
                   .cinit    romdata   0x000004    program   0x000002
                   .org_1       code   0x000008    program   0x000002
                   .org_2       code   0x000018    program   0x00028a



                              Program Memory Usage 
                               Start         End      
                           ---------   ---------      
                            0x000000    0x000005      
                            0x000008    0x000009      
                            0x000018    0x0002a1      
            658 out of 33048 program addresses used, program memory utilization is 1%



                              Symbols - Sorted by Name
                     Name    Address   Location    Storage File                     
                ---------  ---------  ---------  --------- ---------                
                    IDnum   0x00023e    program     static F:\Practical Project Microcontroller\Practical Project (Code for PTK40A)\project.asm
                   again1   0x00001e    program     static F:\Practical Project Microcontroller\Practical Project (Code for PTK40A)\project.asm
                   again2   0x000022    program     static F:\Practical Project Microcontroller\Practical Project (Code for PTK40A)\project.asm
                  button1   0x00028a    program     static F:\Practical Project Microcontroller\Practical Project (Code for PTK40A)\project.asm
                  button2   0x000292    program     static F:\Practical Project Microcontroller\Practical Project (Code for PTK40A)\project.asm
                  button3   0x00029a    program     static F:\Practical Project Microcontroller\Practical Project (Code for PTK40A)\project.asm
                   buzzer   0x00021c    program     static F:\Practical Project Microcontroller\Practical Project (Code for PTK40A)\project.asm
                  delay1s   0x00001a    program     static F:\Practical Project Microcontroller\Practical Project (Code for PTK40A)\project.asm
              resetbutton   0x000236    program     static F:\Practical Project Microcontroller\Practical Project (Code for PTK40A)\project.asm
                    start   0x00027c    program     static F:\Practical Project Microcontroller\Practical Project (Code for PTK40A)\project.asm



                              Symbols - Sorted by Address
                     Name    Address   Location    Storage File                     
                ---------  ---------  ---------  --------- ---------                
                  delay1s   0x00001a    program     static F:\Practical Project Microcontroller\Practical Project (Code for PTK40A)\project.asm
                   again1   0x00001e    program     static F:\Practical Project Microcontroller\Practical Project (Code for PTK40A)\project.asm
                   again2   0x000022    program     static F:\Practical Project Microcontroller\Practical Project (Code for PTK40A)\project.asm
                   buzzer   0x00021c    program     static F:\Practical Project Microcontroller\Practical Project (Code for PTK40A)\project.asm
              resetbutton   0x000236    program     static F:\Practical Project Microcontroller\Practical Project (Code for PTK40A)\project.asm
                    IDnum   0x00023e    program     static F:\Practical Project Microcontroller\Practical Project (Code for PTK40A)\project.asm
                    start   0x00027c    program     static F:\Practical Project Microcontroller\Practical Project (Code for PTK40A)\project.asm
                  button1   0x00028a    program     static F:\Practical Project Microcontroller\Practical Project (Code for PTK40A)\project.asm
                  button2   0x000292    program     static F:\Practical Project Microcontroller\Practical Project (Code for PTK40A)\project.asm
                  button3   0x00029a    program     static F:\Practical Project Microcontroller\Practical Project (Code for PTK40A)\project.asm


